======================================================================
Paper trading tick — 2026-07-13T10:00:02Z
======================================================================
sol_confluence_2h4h: no signal on bar 2026-07-13 08:00:00 UTC
xrp_confluence_2h4h: no signal on bar 2026-07-13 08:00:00 UTC
sol_discovery_1h4h: no signal on bar 2026-07-13 09:00:00 UTC

Account summary: {:equity_usdt=>10000.0, :open_positions=>0, :closed_trades=>0, :total_net_pnl_usdt=>0.0}
======================================================================
Paper trading tick — 2026-07-13T10:15:02Z
======================================================================
sol_confluence_2h4h: bar 2026-07-13 08:00:00 UTC already processed
xrp_confluence_2h4h: bar 2026-07-13 08:00:00 UTC already processed
sol_discovery_1h4h: bar 2026-07-13 09:00:00 UTC already processed

Account summary: {:equity_usdt=>10000.0, :open_positions=>0, :closed_trades=>0, :total_net_pnl_usdt=>0.0}
======================================================================
Paper trading tick — 2026-07-13T10:30:02Z
======================================================================
sol_confluence_2h4h: bar 2026-07-13 08:00:00 UTC already processed
xrp_confluence_2h4h: bar 2026-07-13 08:00:00 UTC already processed
sol_discovery_1h4h: bar 2026-07-13 09:00:00 UTC already processed
xrp_supertrend_kmeans_1h4h: bar 2026-07-13 09:00:00 UTC already processed
xrp_supertrend_adaptive_1h4h: bar 2026-07-13 09:00:00 UTC already processed

Account summary: {:equity_usdt=>10000.0, :open_positions=>0, :closed_trades=>0, :total_net_pnl_usdt=>0.0}
======================================================================
Paper trading tick — 2026-07-13T10:45:04Z
======================================================================
sol_confluence_2h4h: bar 2026-07-13 08:00:00 UTC already processed
xrp_confluence_2h4h: bar 2026-07-13 08:00:00 UTC already processed
sol_discovery_1h4h: bar 2026-07-13 09:00:00 UTC already processed
xrp_supertrend_kmeans_1h4h: bar 2026-07-13 09:00:00 UTC already processed
xrp_supertrend_adaptive_1h4h: bar 2026-07-13 09:00:00 UTC already processed

Account summary: {:equity_usdt=>10000.0, :open_positions=>0, :closed_trades=>0, :total_net_pnl_usdt=>0.0}
======================================================================
Paper trading tick — 2026-07-13T11:00:02Z
======================================================================
sol_confluence_2h4h: no signal on bar 2026-07-13 09:00:00 UTC
xrp_confluence_2h4h: no signal on bar 2026-07-13 09:00:00 UTC
sol_discovery_1h4h: no signal on bar 2026-07-13 10:00:00 UTC
xrp_supertrend_kmeans_1h4h: no signal on bar 2026-07-13 10:00:00 UTC
xrp_supertrend_adaptive_1h4h: no signal on bar 2026-07-13 10:00:00 UTC

Account summary: {:equity_usdt=>10000.0, :open_positions=>0, :closed_trades=>0, :total_net_pnl_usdt=>0.0}
======================================================================
Paper trading tick — 2026-07-13T11:15:02Z
======================================================================
sol_confluence_2h4h: bar 2026-07-13 09:00:00 UTC already processed
xrp_confluence_2h4h: bar 2026-07-13 09:00:00 UTC already processed
sol_discovery_1h4h: bar 2026-07-13 10:00:00 UTC already processed
xrp_supertrend_kmeans_1h4h: bar 2026-07-13 10:00:00 UTC already processed
xrp_supertrend_adaptive_1h4h: bar 2026-07-13 10:00:00 UTC already processed

Account summary: {:equity_usdt=>10000.0, :open_positions=>0, :closed_trades=>0, :total_net_pnl_usdt=>0.0}
